Command: C:\Espressif\python_env\idf5.5_py3.11_env\Scripts\python.exe C:\Espressif\frameworks\esp-idf-v5.5.4\tools/idf_monitor.py -p COM3 -b 115200 --toolchain-prefix xtensa-esp32-elf- --target esp32 --revision 0 D:\Documenti\UNI\Magistrale\Network Security\Elaborato\wifi_analyzer\build\wifi_analyzer.elf D:\Documenti\UNI\Magistrale\Network Security\Elaborato\wifi_analyzer\build\bootloader\bootloader.elf --force-color -m 'C:\Espressif\python_env\idf5.5_py3.11_env\Scripts\python.exe' 'C:\Espressif\frameworks\esp-idf-v5.5.4\tools\idf.py'
RON_RESET),b�early entropy source...
[0;32mI (47) boot: Partition Table:[0m
[0;32mI (49) boot: ## Label    �ets Jul 29 2019 12:21:46[0m

rst:0x1 (POWERON_RESET),boot:0x13 (SPI_FAST_FLASH_BOOT)
configsip: 0, SPIWP:0xee
clk_drv:0x00,q_drv:0x00,d_drv:0x00,cs0_drv:0x00,hd_drv:0x00,wp_drv:0x00
mode:DIO, clock div:2
load:0x3fff0030,len:6280
load:0x40078000,len:15864
load:0x40080400,len:3920
entry 0x40080644
[0;32mI (27) boot: ESP-IDF v5.5.4 2nd stage bootloader[0m
[0;32mI (27) boot: compile time Jul  3 2026 17:31:52[0m
[0;32mI (28) boot: Multicore bootloader[0m
[0;32mI (29) boot: chip revision: v3.1[0m
[0;32mI (32) boot.esp32: SPI Speed      : 40MHz[0m
[0;32mI (35) boot.esp32: SPI Mode       : DIO[0m
[0;32mI (39) boot.esp32: SPI Flash Size : 4MB[0m
[0;32mI (42) boot: Enabling RNG early entropy source...[0m
[0;32mI (47) boot: Partition Table:[0m
[0;32mI (49) boot: ## Label            Usage          Type ST Offset   Length[0m
[0;32mI (56) boot:  0 nvs              WiFi data        01 02 00009000 00006000[0m
[0;32mI (62) boot:  1 otadata          OTA data         01 00 0000f000 00002000[0m
[0;32mI (69) boot:  2 phy_init         RF data          01 01 00011000 00001000[0m
[0;32mI (75) boot:  3 factory          factory app      00 00 00020000 00100000[0m
[0;32mI (82) boot:  4 storage          Unknown data     01 82 00120000 00100000[0m
[0;32mI (88) boot: End of partition table[0m
[0;32mI (92) boot: Defaulting to factory image[0m
[0;32mI (95) esp_image: segment 0: paddr=00020020 vaddr=3f400020 size=1c5c0h (116160) map[0m
[0;32mI (143) esp_image: segment 1: paddr=0003c5e8 vaddr=3ffb0000 size=03a30h ( 14896) load[0m
[0;32mI (148) esp_image: segment 2: paddr=00040020 vaddr=400d0020 size=963d0h (615376) map[0m
[0;32mI (359) esp_image: segment 3: paddr=000d63f8 vaddr=3ffb3a30 size=00918h (  2328) load[0m
[0;32mI (360) esp_image: segment 4: paddr=000d6d18 vaddr=40080000 size=181b4h ( 98740) load[0m
[0;32mI (401) esp_image: segment 5: paddr=000eeed4 vaddr=50000000 size=00020h (    32) load[0m
[0;32mI (413) boot: Loaded app from partition at offset 0x20000[0m
[0;32mI (413) boot: Disabling RNG early entropy source...[0m
[0;32mI (424) cpu_start: Multicore app[0m
[0;32mI (432) cpu_start: GPIO 3 and 1 are used as console UART I/O pins[0m
[0;32mI (432) cpu_start: Pro cpu start user code[0m
[0;32mI (432) cpu_start: cpu freq: 160000000 Hz[0m
[0;32mI (434) app_init: Application information:[0m
[0;32mI (438) app_init: Project name:     wifi_analyzer[0m
[0;32mI (442) app_init: App version:      1[0m
[0;32mI (446) app_init: Compile time:     Jul  3 2026 17:31:33[0m
[0;32mI (451) app_init: ELF file SHA256:  81c56a3d5...[0m
[0;32mI (455) app_init: ESP-IDF:          v5.5.4[0m
[0;32mI (459) efuse_init: Min chip rev:     v0.0[0m
[0;32mI (463) efuse_init: Max chip rev:     v3.99 [0m
[0;32mI (467) efuse_init: Chip rev:         v3.1[0m
[0;32mI (471) heap_init: Initializing. RAM available for dynamic allocation:[0m
[0;32mI (477) heap_init: At 3FFAE6E0 len 00001920 (6 KiB): DRAM[0m
[0;32mI (482) heap_init: At 3FFB91A8 len 00026E58 (155 KiB): DRAM[0m
[0;32mI (487) heap_init: At 3FFE0440 len 00003AE0 (14 KiB): D/IRAM[0m
[0;32mI (493) heap_init: At 3FFE4350 len 0001BCB0 (111 KiB): D/IRAM[0m
[0;32mI (498) heap_init: At 400981B4 len 00007E4C (31 KiB): IRAM[0m
[0;33mW (505) spi_flash: Detected boya flash chip but using generic driver. For optimal functionality, enable `SPI_FLASH_SUPPORT_BOYA_CHIP` in menuconfig[0m
[0;32mI (516) spi_flash: detected chip: generic[0m
[0;32mI (520) spi_flash: flash io: dio[0m
[0;32mI (524) main_task: Started on CPU0[0m
[0;32mI (534) main_task: Calling app_main()[0m
[0;32mI (554) MAIN: ========================================[0m
[0;32mI (554) MAIN:  ESP32 Wireless Analyzer[0m
[0;32mI (554) MAIN: ========================================[0m
[0;32mI (554) WIFI_MANAGER: Initializing WiFi...[0m
[0;32mI (574) wifi:wifi driver task: 3ffc149c, prio:23, stack:6656, core=0[0m
[0;32mI (584) wifi:wifi firmware version: 0947e8b[0m
[0;32mI (584) wifi:wifi certification version: v7.0[0m
[0;32mI (584) wifi:config NVS flash: enabled[0m
[0;32mI (584) wifi:config nano formatting: disabled[0m
[0;32mI (584) wifi:Init data frame dynamic rx buffer num: 32[0m
[0;32mI (594) wifi:Init static rx mgmt buffer num: 5[0m
[0;32mI (594) wifi:Init management short buffer num: 32[0m
[0;32mI (604) wifi:Init dynamic tx buffer num: 32[0m
[0;32mI (604) wifi:Init static rx buffer size: 1600[0m
[0;32mI (604) wifi:Init static rx buffer num: 10[0m
[0;32mI (614) wifi:Init dynamic rx buffer num: 32[0m
[0;32mI (614) wifi_init: rx ba win: 6[0m
[0;32mI (614) wifi_init: accept mbox: 6[0m
[0;32mI (624) wifi_init: tcpip mbox: 32[0m
[0;32mI (624) wifi_init: udp mbox: 6[0m
[0;32mI (624) wifi_init: tcp mbox: 6[0m
[0;32mI (634) wifi_init: tcp tx win: 5760[0m
[0;32mI (634) wifi_init: tcp rx win: 5760[0m
[0;32mI (634) wifi_init: tcp mss: 1440[0m
[0;32mI (634) wifi_init: WiFi IRAM OP enabled[0m
[0;32mI (644) wifi_init: WiFi RX IRAM OP enabled[0m
[0;32mI (654) phy_init: phy_version 4863,a3a4459,Oct 28 2025,14:30:06[0m
[0;32mI (734) phy_init: Saving new calibration data due to checksum failure or outdated calibration data, mode(0)[0m
[0;32mI (754) wifi:mode : sta (2c:bc:bb:05:24:64) + softAP (2c:bc:bb:05:24:65)[0m
[0;32mI (754) wifi:enable tsf[0m
[0;32mI (764) wifi:Total power save buffer number: 16[0m
[0;32mI (764) wifi:Init max length of beacon: 752/752[0m
[0;32mI (764) wifi:Init max length of beacon: 752/752[0m
[0;32mI (764) WIFI_MANAGER: =====================================[0m
[0;32mI (764) WIFI_MANAGER: Station interface ready[0m
[0;32mI (774) WIFI_MANAGER: ESP32 Wireless Analyzer[0m
[0;32mI (774) esp_netif_lwip: DHCP server started on interface WIFI_AP_DEF with IP: 192.168.4.1[0m
[0;32mI (784) WIFI_MANAGER: Access Point started[0m
[0;32mI (794) WIFI_MANAGER: SSID : ESP32-Research[0m
[0;32mI (794) WIFI_MANAGER: IP   : 192.168.4.1[0m
[0;32mI (794) WIFI_MANAGER: Mode : AP+STA[0m
[0;32mI (804) WIFI_MANAGER: =====================================[0m
[0;32mI (804) STATION: Station manager initialized[0m
[0;32mI (814) SCANNER: Scanner initialized[0m
[0;32mI (894) FILESYSTEM: SPIFFS mounted[0m
[0;32mI (894) FILESYSTEM: Total: 956561 bytes[0m
[0;32mI (894) FILESYSTEM: Used : 5773 bytes[0m
[0;32mI (894) WEBSERVER: Starting HTTP server...[0m
[0;32mI (904) API: REST API registered[0m
[0;32mI (904) WEBSERVER: HTTP server started[0m
[0;32mI (904) MAIN: System ready[0m
[0;32mI (19464) wifi:new:<1,1>, old:<1,1>, ap:<1,1>, sta:<0,0>, prof:1, snd_ch_cfg:0x0[0m
[0;32mI (19464) wifi:station: 78:2b:46:da:61:aa join, AID=1, bgn, 40U[0m
[0;32mI (19484) WIFI_MANAGER: Client connected (1) 78:2B:46:DA:61:AA[0m
[0;32mI (19504) esp_netif_lwip: DHCP server assigned IP to a client, IP is: 192.168.4.2[0m
[0;32mI (19884) wifi:<ba-add>idx:2 (ifx:1, 78:2b:46:da:61:aa), tid:0, ssn:23, winSize:64[0m
[0;32mI (58634) SCANNER: Starting WiFi scan...[0m
[0;32mI (61144) SCANNER:  1 |                                  | RSSI= -74 | CH= 8 | WPA2[0m
[0;32mI (61144) SCANNER:  2 | Silvy                            | RSSI= -76 | CH= 8 | WPA2[0m
[0;32mI (61144) SCANNER:  3 | Wind3 HUB - E71D9E - 2.4         | RSSI= -78 | CH=12 | WPA2[0m
[0;32mI (61154) SCANNER:  4 | Wind3 HUB 0047 - 2.4             | RSSI= -79 | CH=12 | WPA2[0m
[0;32mI (61154) SCANNER:  5 | Vodafone-C69461102               | RSSI= -83 | CH=12 | WPA2[0m
[0;32mI (61164) SCANNER:  6 | TIM-92669992                     | RSSI= -88 | CH= 1 | WPA2[0m
[0;32mI (61174) SCANNER:  7 | FASTWEB-F8BDA9                   | RSSI= -89 | CH= 1 | WPA2[0m
[0;32mI (61184) SCANNER:  8 | Vodafone-A65624323               | RSSI= -89 | CH= 2 | WPA2[0m
[0;32mI (61184) SCANNER:  9 | Vodafone-A45445083               | RSSI= -90 | CH=12 | WPA2[0m
[0;32mI (61194) SCANNER: 10 | TIM-22623633                     | RSSI= -95 | CH=11 | WPA2[0m
[0;32mI (61204) SCANNER: Scan completed (10 APs)[0m
[0;32mI (61484) WIFI_MANAGER: WiFi scan completed[0m
[0;32mI (83004) wifi:<ba-del>idx:2, tid:0[0m
[0;32mI (83004) wifi:<ba-add>idx:2 (ifx:1, 78:2b:46:da:61:aa), tid:0, ssn:537, winSize:64[0m
