Command: C:\Espressif\python_env\idf5.5_py3.11_env\Scripts\python.exe C:\Espressif\frameworks\esp-idf-v5.5.4\tools/idf_monitor.py -p COM3 -b 115200 --toolchain-prefix xtensa-esp32-elf- --target esp32 --revision 0 D:\Documenti\UNI\Magistrale\Network Security\Elaborato\wifi_analyzer\build\wifi_analyzer.elf D:\Documenti\UNI\Magistrale\Network Security\Elaborato\wifi_analyzer\build\bootloader\bootloader.elf --force-color -m 'C:\Espressif\python_env\idf5.5_py3.11_env\Scripts\python.exe' 'C:\Espressif\frameworks\esp-idf-v5.5.4\tools\idf.py'
oot:0x13 (SP��source...
[0;32mI (47) boot: Partition�ets Jul 29 2019 12:21:46[0m

rst:0x1 (POWERON_RESET),boot:0x13 (SPI_FAST_FLASH_BOOT)
configsip: 0, SPIWP:0xee
clk_drv:0x00,q_drv:0x00,d_drv:0x00,cs0_drv:0x00,hd_drv:0x00,wp_drv:0x00
mode:DIO, clock div:2
load:0x3fff0030,len:6280
load:0x40078000,len:15864
load:0x40080400,len:3920
entry 0x40080644
[0;32mI (27) boot: ESP-IDF v5.5.4 2nd stage bootloader[0m
[0;32mI (27) boot: compile time Jul  3 2026 17:31:52[0m
[0;32mI (28) boot: Multicore bootloader[0m
[0;32mI (29) boot: chip revision: v3.1[0m
[0;32mI (32) boot.esp32: SPI Speed      : 40MHz[0m
[0;32mI (35) boot.esp32: SPI Mode       : DIO[0m
[0;32mI (39) boot.esp32: SPI Flash Size : 4MB[0m
[0;32mI (42) boot: Enabling RNG early entropy source...[0m
[0;32mI (47) boot: Partition Table:[0m
[0;32mI (49) boot: ## Label            Usage          Type ST Offset   Length[0m
[0;32mI (56) boot:  0 nvs              WiFi data        01 02 00009000 00006000[0m
[0;32mI (62) boot:  1 otadata          OTA data         01 00 0000f000 00002000[0m
[0;32mI (69) boot:  2 phy_init         RF data          01 01 00011000 00001000[0m
[0;32mI (75) boot:  3 factory          factory app      00 00 00020000 00100000[0m
[0;32mI (82) boot:  4 storage          Unknown data     01 82 00120000 00100000[0m
[0;32mI (88) boot: End of partition table[0m
[0;32mI (92) boot: Defaulting to factory image[0m
[0;32mI (95) esp_image: segment 0: paddr=00020020 vaddr=3f400020 size=1ca9ch (117404) map[0m
[0;32mI (143) esp_image: segment 1: paddr=0003cac4 vaddr=3ffb0000 size=03554h ( 13652) load[0m
[0;32mI (148) esp_image: segment 2: paddr=00040020 vaddr=400d0020 size=94d38h (609592) map[0m
[0;32mI (357) esp_image: segment 3: paddr=000d4d60 vaddr=3ffb3554 size=00df4h (  3572) load[0m
[0;32mI (358) esp_image: segment 4: paddr=000d5b5c vaddr=40080000 size=181b4h ( 98740) load[0m
[0;32mI (399) esp_image: segment 5: paddr=000edd18 vaddr=50000000 size=00020h (    32) load[0m
[0;32mI (411) boot: Loaded app from partition at offset 0x20000[0m
[0;32mI (411) boot: Disabling RNG early entropy source...[0m
[0;32mI (422) cpu_start: Multicore app[0m
[0;32mI (430) cpu_start: GPIO 3 and 1 are used as console UART I/O pins[0m
[0;32mI (430) cpu_start: Pro cpu start user code[0m
[0;32mI (430) cpu_start: cpu freq: 160000000 Hz[0m
[0;32mI (432) app_init: Application information:[0m
[0;32mI (436) app_init: Project name:     wifi_analyzer[0m
[0;32mI (440) app_init: App version:      1[0m
[0;32mI (444) app_init: Compile time:     Jul  3 2026 17:31:33[0m
[0;32mI (449) app_init: ELF file SHA256:  8eecd98d8...[0m
[0;32mI (453) app_init: ESP-IDF:          v5.5.4[0m
[0;32mI (457) efuse_init: Min chip rev:     v0.0[0m
[0;32mI (461) efuse_init: Max chip rev:     v3.99 [0m
[0;32mI (465) efuse_init: Chip rev:         v3.1[0m
[0;32mI (469) heap_init: Initializing. RAM available for dynamic allocation:[0m
[0;32mI (475) heap_init: At 3FFAE6E0 len 00001920 (6 KiB): DRAM[0m
[0;32mI (480) heap_init: At 3FFBA240 len 00025DC0 (151 KiB): DRAM[0m
[0;32mI (485) heap_init: At 3FFE0440 len 00003AE0 (14 KiB): D/IRAM[0m
[0;32mI (491) heap_init: At 3FFE4350 len 0001BCB0 (111 KiB): D/IRAM[0m
[0;32mI (496) heap_init: At 400981B4 len 00007E4C (31 KiB): IRAM[0m
[0;33mW (503) spi_flash: Detected boya flash chip but using generic driver. For optimal functionality, enable `SPI_FLASH_SUPPORT_BOYA_CHIP` in menuconfig[0m
[0;32mI (514) spi_flash: detected chip: generic[0m
[0;32mI (518) spi_flash: flash io: dio[0m
[0;32mI (522) main_task: Started on CPU0[0m
[0;32mI (532) main_task: Calling app_main()[0m
[0;32mI (562) MAIN: ========================================[0m
[0;32mI (562) MAIN:  ESP32 Wireless Analyzer[0m
[0;32mI (562) MAIN: ========================================[0m
[0;32mI (562) WIFI_MANAGER: Initializing Network Stack...[0m
[0;32mI (582) wifi:wifi driver task: 3ffc2534, prio:23, stack:6656, core=0[0m
[0;32mI (592) wifi:wifi firmware version: 0947e8b[0m
[0;32mI (592) wifi:wifi certification version: v7.0[0m
[0;32mI (602) wifi:config NVS flash: enabled[0m
[0;32mI (602) wifi:config nano formatting: disabled[0m
[0;32mI (602) wifi:Init data frame dynamic rx buffer num: 32[0m
[0;32mI (602) wifi:Init static rx mgmt buffer num: 5[0m
[0;32mI (612) wifi:Init management short buffer num: 32[0m
[0;32mI (612) wifi:Init dynamic tx buffer num: 32[0m
[0;32mI (622) wifi:Init static rx buffer size: 1600[0m
[0;32mI (622) wifi:Init static rx buffer num: 10[0m
[0;32mI (622) wifi:Init dynamic rx buffer num: 32[0m
[0;32mI (632) wifi_init: rx ba win: 6[0m
[0;32mI (632) wifi_init: accept mbox: 6[0m
[0;32mI (632) wifi_init: tcpip mbox: 32[0m
[0;32mI (642) wifi_init: udp mbox: 6[0m
[0;32mI (642) wifi_init: tcp mbox: 6[0m
[0;32mI (642) wifi_init: tcp tx win: 5760[0m
[0;32mI (652) wifi_init: tcp rx win: 5760[0m
[0;32mI (652) wifi_init: tcp mss: 1440[0m
[0;32mI (652) wifi_init: WiFi IRAM OP enabled[0m
[0;32mI (662) wifi_init: WiFi RX IRAM OP enabled[0m
[0;32mI (672) phy_init: phy_version 4863,a3a4459,Oct 28 2025,14:30:06[0m
[0;32mI (752) phy_init: Saving new calibration data due to checksum failure or outdated calibration data, mode(0)[0m
[0;32mI (772) wifi:mode : sta (2c:bc:bb:05:24:64) + softAP (2c:bc:bb:05:24:65)[0m
[0;32mI (772) wifi:enable tsf[0m
[0;32mI (782) wifi:Total power save buffer number: 16[0m
[0;32mI (782) wifi:Init max length of beacon: 752/752[0m
[0;32mI (782) wifi:Init max length of beacon: 752/752[0m
[0;32mI (782) WIFI_MANAGER: [0m
[0;32mI (782) WIFI_MANAGER: =========================================[0m
[0;32mI (782) esp_netif_lwip: DHCP server started on interface WIFI_AP_DEF with IP: 192.168.4.1[0m
[0;32mI (802) WIFI_MANAGER: Access Point Started[0m
[0;32mI (802) WIFI_MANAGER:  ESP32 Wireless Analyzer[0m
[0;32mI (802) WIFI_MANAGER: =========================================[0m
[0;32mI (812) WIFI_MANAGER:  SSID        : ESP32-Research[0m
[0;32mI (812) WIFI_MANAGER:  PASSWORD    : 12345678[0m
[0;32mI (822) WIFI_MANAGER:  IP          : 192.168.4.1[0m
[0;32mI (822) WIFI_MANAGER:  GATEWAY     : 192.168.4.1[0m
[0;32mI (832) WIFI_MANAGER:  NETMASK     : 255.255.255.0[0m
[0;32mI (832) WIFI_MANAGER:  CHANNEL     : 1[0m
[0;32mI (832) WIFI_MANAGER:  MAX CLIENTS : 4[0m
[0;32mI (842) WIFI_MANAGER: =========================================[0m
[0;32mI (842) STATION: Station manager initialized[0m
[0;32mI (852) SCANNER: Scanner initialized[0m
[0;32mI (852) CAPTURE: Packet capture initialized[0m
[0;32mI (942) FILESYSTEM: SPIFFS mounted[0m
[0;32mI (942) FILESYSTEM: Total: 956561 bytes[0m
[0;32mI (942) FILESYSTEM: Used : 16817 bytes[0m
[0;32mI (942) WEBSERVER: Starting HTTP server...[0m
[0;32mI (952) WEBSERVER: HTTP server started[0m
[0;32mI (952) MAIN: System ready[0m
[0;32mI (8892) wifi:new:<1,1>, old:<1,1>, ap:<1,1>, sta:<0,0>, prof:1, snd_ch_cfg:0x0[0m
[0;32mI (8902) wifi:station: 78:2b:46:da:61:aa join, AID=1, bgn, 40U[0m
[0;32mI (8922) WIFI_MANAGER: Client connected (1) 78:2B:46:DA:61:AA[0m
[0;32mI (8962) esp_netif_lwip: DHCP server assigned IP to a client, IP is: 192.168.4.2[0m
[0;32mI (9592) wifi:<ba-add>idx:2 (ifx:1, 78:2b:46:da:61:aa), tid:0, ssn:20, winSize:64[0m
[0;32mI (54962) SCANNER: Starting WiFi scan...[0m
[0;32mI (57812) WIFI_MANAGER: WiFi scan completed[0m
[0;32mI (57812) SCANNER:  1 | Silvy                            | RSSI= -71 | CH= 8 | WPA2[0m
[0;32mI (57812) SCANNER:  2 | Wind3 HUB - E71D9E - 2.4         | RSSI= -76 | CH=12 | WPA2[0m
[0;32mI (57822) SCANNER:  3 | Wind3 HUB 0047 - 2.4             | RSSI= -76 | CH=12 | WPA2[0m
[0;32mI (57832) SCANNER:  4 |                                  | RSSI= -79 | CH= 8 | WPA2[0m
[0;32mI (57832) SCANNER:  5 | FASTWEB-F8BDA9                   | RSSI= -80 | CH= 1 | WPA2[0m
[0;32mI (57842) SCANNER:  6 | Vodafone-C69461102               | RSSI= -87 | CH=12 | WPA2[0m
[0;32mI (57852) SCANNER:  7 | WINDTRE - 9BAACE                 | RSSI= -88 | CH= 8 | UNKNOWN[0m
[0;32mI (57862) SCANNER:  8 | Vodafone-A45445083               | RSSI= -89 | CH=12 | WPA2[0m
[0;32mI (57862) SCANNER:  9 | TIM-92669992                     | RSSI= -91 | CH= 1 | WPA2[0m
[0;32mI (57872) SCANNER: Scan completed (9 APs)[0m
[0;32mI (62452) wifi:<ba-del>idx:2, tid:0[0m
[0;32mI (62452) wifi:<ba-add>idx:2 (ifx:1, 78:2b:46:da:61:aa), tid:0, ssn:830, winSize:64[0m
[0;33mW (100312) wifi:Password length matches WPA2 standards, authmode threshold changes from OPEN to WPA2[0m
[0;32mI (100312) STATION: Connecting to Wind3 HUB 0047 - 2.4...[0m
[0;32mI (100332) wifi:primary chan differ, old=1, new=12, start CSA timer[0m
[0;32mI (100732) wifi:switch to channel 12[0m
[0;32mI (100732) wifi:ap channel adjust o:1,1 n:12,2[0m
[0;32mI (100732) wifi:new:<12,0>, old:<1,1>, ap:<12,2>, sta:<0,0>, prof:1, snd_ch_cfg:0x0[0m
[0;32mI (100732) wifi:new:<12,2>, old:<12,0>, ap:<12,2>, sta:<12,0>, prof:1, snd_ch_cfg:0x0[0m
[0;32mI (100742) wifi:state: init -> auth (0xb0)[0m
[0;32mI (100762) wifi:state: auth -> assoc (0x0)[0m
[0;32mI (100772) wifi:state: assoc -> run (0x10)[0m
[0;32mI (100772) wifi:<ba-add>idx:0 (ifx:0, 32:42:40:d7:1d:9e), tid:5, ssn:0, winSize:64[0m
[0;32mI (100872) wifi:<ba-add>idx:1 (ifx:0, 32:42:40:d7:1d:9e), tid:0, ssn:1, winSize:64[0m
[0;32mI (100872) wifi:connected with Wind3 HUB 0047 - 2.4, aid = 1, channel 12, BW20, bssid = 32:42:40:d7:1d:9e[0m
[0;32mI (100882) wifi:security: WPA2-PSK, phy: bgn, rssi: -74, cipher(pairwise:0x3, group:0x3), pmf:0[0m
[0;32mI (100892) wifi:pm start, type: 1[0m

[0;32mI (100892) wifi:dp: 1, bi: 102400, li: 3, scale listen interval from 307200 us to 307200 us[0m
[0;32mI (100902) STATION: Connected to AP[0m
[0;32mI (100942) wifi:AP's beacon interval = 102400 us, DTIM period = 1[0m
[0;32mI (100982) WIFI_MANAGER: Client disconnected (1) 78:2B:46:DA:61:AA[0m
[0;32mI (100982) wifi:starting SA query procedure with STA(78:2b:46:da:61:aa)[0m
[0;32mI (100982) wifi:Send SA Query req with transaction id ab44[0m
[0;32mI (101182) wifi:Send SA Query req with transaction id 9baf[0m
[0;32mI (101382) wifi:Send SA Query req with transaction id ea4c[0m
[0;32mI (101582) wifi:Send SA Query req with transaction id 40d6[0m
[0;32mI (101782) wifi:Send SA Query req with transaction id dcc4[0m
[0;32mI (101982) wifi:Send SA Query req with transaction id d6ee[0m
[0;32mI (102012) wifi:STA not responded to 6 SA Query attempts, Reset connection sending disassoc[0m
[0;32mI (102042) wifi:station: 78:2b:46:da:61:aa leave, AID = 1, reason = 209, bss_flags is 756835, bss:0x3ffcf59c[0m
[0;32mI (102042) wifi:new:<12,0>, old:<12,2>, ap:<12,2>, sta:<12,0>, prof:1, snd_ch_cfg:0x0[0m
[0;32mI (102042) wifi:<ba-del>idx:2, tid:0[0m
[0;32mI (102052) wifi:new:<12,2>, old:<12,0>, ap:<12,2>, sta:<12,0>, prof:1, snd_ch_cfg:0x0[0m
[0;32mI (102062) WIFI_MANAGER: Client disconnected (1) 78:2B:46:DA:61:AA[0m
[0;32mI (103482) wifi:new:<12,2>, old:<12,2>, ap:<12,2>, sta:<12,0>, prof:1, snd_ch_cfg:0x0[0m
[0;32mI (103482) wifi:station: 78:2b:46:da:61:aa join, AID=1, bgn, 40D[0m
[0;32mI (103502) WIFI_MANAGER: Client connected (1) 78:2B:46:DA:61:AA[0m
[0;32mI (103522) esp_netif_lwip: DHCP server assigned IP to a client, IP is: 192.168.4.2[0m
[0;32mI (103762) wifi:<ba-add>idx:2 (ifx:1, 78:2b:46:da:61:aa), tid:0, ssn:30, winSize:64[0m
[0;32mI (104202) esp_netif_handlers: sta ip: 192.168.1.16, mask: 255.255.255.0, gw: 192.168.1.1[0m
[0;32mI (104202) STATION: IP address acquired: 192.168.1.16[0m
[0;33mW (134472) wifi:STA is scanning or connecting, or AP has connected with external STAs, cannot set channel[0m

ESP_ERROR_CHECK failed: esp_err_t 0xffffffff (ESP_FAIL) at 0x400d9c8c
file: "./main/capture.c" line 80
func: capture_start
expression: esp_wifi_set_channel(channel, WIFI_SECOND_CHAN_NONE)

abort() was called at PC 0x40088ad7 on core 0


Backtrace: 0x40088b7d:0x3ffcee20 0x40088b45:0x3ffcee40 0x40090af5:0x3ffcee60 0x40088ad7:0x3ffceed0 0x400d9c8c:0x3ffcef00 0x400d92d1:0x3ffcef20 0x400e9c11:0x3ffcf000 0x400ea479:0x3ffcf040 0x400ea51e:0x3ffcf0d0 0x400e9170:0x3ffcf0f0 0x400e847a:0x3ffcf110 0x4015bb7f:0x3ffcf130 0x400e8b7a:0x3ffcf150 0x400e8be2:0x3ffcf1a0 0x400897fd:0x3ffcf1c0




ELF file SHA256: 8eecd98d8

Rebooting...
ets Jul 29 2019 12:21:46

rst:0xc (SW_CPU_RESET),boot:0x13 (SPI_FAST_FLASH_BOOT)
configsip: 0, SPIWP:0xee
clk_drv:0x00,q_drv:0x00,d_drv:0x00,cs0_drv:0x00,hd_drv:0x00,wp_drv:0x00
mode:DIO, clock div:2
load:0x3fff0030,len:6280
load:0x40078000,len:15864
load:0x40080400,len:3920
entry 0x40080644
[0;32mI (27) boot: ESP-IDF v5.5.4 2nd stage bootloader[0m
[0;32mI (27) boot: compile time Jul  3 2026 17:31:52[0m
[0;32mI (27) boot: Multicore bootloader[0m
[0;32mI (29) boot: chip revision: v3.1[0m
[0;32mI (31) boot.esp32: SPI Speed      : 40MHz[0m
[0;32mI (35) boot.esp32: SPI Mode       : DIO[0m
[0;32mI (39) boot.esp32: SPI Flash Size : 4MB[0m
[0;32mI (42) boot: Enabling RNG early entropy source...[0m
[0;32mI (47) boot: Partition Table:[0m
[0;32mI (49) boot: ## Label            Usage          Type ST Offset   Length[0m
[0;32mI (56) boot:  0 nvs              WiFi data        01 02 00009000 00006000[0m
[0;32mI (62) boot:  1 otadata          OTA data         01 00 0000f000 00002000[0m
[0;32mI (69) boot:  2 phy_init         RF data          01 01 00011000 00001000[0m
[0;32mI (75) boot:  3 factory          factory app      00 00 00020000 00100000[0m
[0;32mI (82) boot:  4 storage          Unknown data     01 82 00120000 00100000[0m
[0;32mI (88) boot: End of partition table[0m
[0;32mI (92) boot: Defaulting to factory image[0m
[0;32mI (95) esp_image: segment 0: paddr=00020020 vaddr=3f400020 size=1ca9ch (117404) map[0m
[0;32mI (143) esp_image: segment 1: paddr=0003cac4 vaddr=3ffb0000 size=03554h ( 13652) load[0m
[0;32mI (148) esp_image: segment 2: paddr=00040020 vaddr=400d0020 size=94d38h (609592) map[0m
[0;32mI (357) esp_image: segment 3: paddr=000d4d60 vaddr=3ffb3554 size=00df4h (  3572) load[0m
[0;32mI (358) esp_image: segment 4: paddr=000d5b5c vaddr=40080000 size=181b4h ( 98740) load[0m
[0;32mI (399) esp_image: segment 5: paddr=000edd18 vaddr=50000000 size=00020h (    32) load[0m
[0;32mI (411) boot: Loaded app from partition at offset 0x20000[0m
[0;32mI (411) boot: Disabling RNG early entropy source...[0m
[0;32mI (422) cpu_start: Multicore app[0m
[0;32mI (430) cpu_start: GPIO 3 and 1 are used as console UART I/O pins[0m
[0;32mI (430) cpu_start: Pro cpu start user code[0m
[0;32mI (430) cpu_start: cpu freq: 160000000 Hz[0m
[0;32mI (432) app_init: Application information:[0m
[0;32mI (436) app_init: Project name:     wifi_analyzer[0m
[0;32mI (440) app_init: App version:      1[0m
[0;32mI (444) app_init: Compile time:     Jul  3 2026 17:31:33[0m
[0;32mI (449) app_init: ELF file SHA256:  8eecd98d8...[0m
[0;32mI (453) app_init: ESP-IDF:          v5.5.4[0m
[0;32mI (457) efuse_init: Min chip rev:     v0.0[0m
[0;32mI (461) efuse_init: Max chip rev:     v3.99 [0m
[0;32mI (465) efuse_init: Chip rev:         v3.1[0m
[0;32mI (469) heap_init: Initializing. RAM available for dynamic allocation:[0m
[0;32mI (475) heap_init: At 3FFAE6E0 len 00001920 (6 KiB): DRAM[0m
[0;32mI (480) heap_init: At 3FFBA240 len 00025DC0 (151 KiB): DRAM[0m
[0;32mI (485) heap_init: At 3FFE0440 len 00003AE0 (14 KiB): D/IRAM[0m
[0;32mI (491) heap_init: At 3FFE4350 len 0001BCB0 (111 KiB): D/IRAM[0m
[0;32mI (496) heap_init: At 400981B4 len 00007E4C (31 KiB): IRAM[0m
[0;33mW (503) spi_flash: Detected boya flash chip but using generic driver. For optimal functionality, enable `SPI_FLASH_SUPPORT_BOYA_CHIP` in menuconfig[0m
[0;32mI (514) spi_flash: detected chip: generic[0m
[0;32mI (518) spi_flash: flash io: dio[0m
[0;32mI (522) main_task: Started on CPU0[0m
[0;32mI (532) main_task: Calling app_main()[0m
[0;32mI (562) MAIN: ========================================[0m
[0;32mI (562) MAIN:  ESP32 Wireless Analyzer[0m
[0;32mI (562) MAIN: ========================================[0m
[0;32mI (562) WIFI_MANAGER: Initializing Network Stack...[0m
[0;32mI (582) wifi:wifi driver task: 3ffc2534, prio:23, stack:6656, core=0[0m
[0;32mI (592) wifi:wifi firmware version: 0947e8b[0m
[0;32mI (592) wifi:wifi certification version: v7.0[0m
[0;32mI (602) wifi:config NVS flash: enabled[0m
[0;32mI (602) wifi:config nano formatting: disabled[0m
[0;32mI (602) wifi:Init data frame dynamic rx buffer num: 32[0m
[0;32mI (602) wifi:Init static rx mgmt buffer num: 5[0m
[0;32mI (612) wifi:Init management short buffer num: 32[0m
[0;32mI (612) wifi:Init dynamic tx buffer num: 32[0m
[0;32mI (622) wifi:Init static rx buffer size: 1600[0m
[0;32mI (622) wifi:Init static rx buffer num: 10[0m
[0;32mI (622) wifi:Init dynamic rx buffer num: 32[0m
[0;32mI (632) wifi_init: rx ba win: 6[0m
[0;32mI (632) wifi_init: accept mbox: 6[0m
[0;32mI (632) wifi_init: tcpip mbox: 32[0m
[0;32mI (642) wifi_init: udp mbox: 6[0m
[0;32mI (642) wifi_init: tcp mbox: 6[0m
[0;32mI (642) wifi_init: tcp tx win: 5760[0m
[0;32mI (652) wifi_init: tcp rx win: 5760[0m
[0;32mI (652) wifi_init: tcp mss: 1440[0m
[0;32mI (652) wifi_init: WiFi IRAM OP enabled[0m
[0;32mI (662) wifi_init: WiFi RX IRAM OP enabled[0m
[0;32mI (672) phy_init: phy_version 4863,a3a4459,Oct 28 2025,14:30:06[0m
[0;32mI (752) phy_init: Saving new calibration data due to checksum failure or outdated calibration data, mode(0)[0m
[0;32mI (822) wifi:mode : sta (2c:bc:bb:05:24:64) + softAP (2c:bc:bb:05:24:65)[0m
[0;32mI (822) wifi:enable tsf[0m
[0;32mI (832) wifi:Total power save buffer number: 16[0m
[0;32mI (832) wifi:Init max length of beacon: 752/752[0m
[0;32mI (832) wifi:Init max length of beacon: 752/752[0m
[0;32mI (832) WIFI_MANAGER: [0m
[0;32mI (832) WIFI_MANAGER: =========================================[0m
[0;32mI (832) esp_netif_lwip: DHCP server started on interface WIFI_AP_DEF with IP: 192.168.4.1[0m
[0;32mI (852) WIFI_MANAGER: Access Point Started[0m
[0;32mI (852) WIFI_MANAGER:  ESP32 Wireless Analyzer[0m
[0;32mI (852) WIFI_MANAGER: =========================================[0m
[0;32mI (862) WIFI_MANAGER:  SSID        : ESP32-Research[0m
[0;32mI (862) WIFI_MANAGER:  PASSWORD    : 12345678[0m
[0;32mI (872) WIFI_MANAGER:  IP          : 192.168.4.1[0m
[0;32mI (872) WIFI_MANAGER:  GATEWAY     : 192.168.4.1[0m
[0;32mI (882) WIFI_MANAGER:  NETMASK     : 255.255.255.0[0m
[0;32mI (882) WIFI_MANAGER:  CHANNEL     : 1[0m
[0;32mI (892) WIFI_MANAGER:  MAX CLIENTS : 4[0m
[0;32mI (892) WIFI_MANAGER: =========================================[0m
[0;32mI (892) STATION: Station manager initialized[0m
[0;32mI (902) SCANNER: Scanner initialized[0m
[0;32mI (902) CAPTURE: Packet capture initialized[0m
[0;32mI (992) FILESYSTEM: SPIFFS mounted[0m
[0;32mI (992) FILESYSTEM: Total: 956561 bytes[0m
[0;32mI (992) FILESYSTEM: Used : 16817 bytes[0m
[0;32mI (992) WEBSERVER: Starting HTTP server...[0m
[0;32mI (1002) WEBSERVER: HTTP server started[0m
[0;32mI (1002) MAIN: System ready[0m
[0;32mI (2362) wifi:new:<1,1>, old:<1,1>, ap:<1,1>, sta:<0,0>, prof:1, snd_ch_cfg:0x0[0m
[0;32mI (2362) wifi:station: 78:2b:46:da:61:aa join, AID=1, bgn, 40U[0m
[0;32mI (2382) WIFI_MANAGER: Client connected (1) 78:2B:46:DA:61:AA[0m
[0;32mI (2422) esp_netif_lwip: DHCP server assigned IP to a client, IP is: 192.168.4.2[0m
[0;32mI (2572) wifi:<ba-add>idx:2 (ifx:1, 78:2b:46:da:61:aa), tid:0, ssn:22, winSize:64[0m
[0;33mW (4462) wifi:STA is scanning or connecting, or AP has connected with external STAs, cannot set channel[0m

ESP_ERROR_CHECK failed: esp_err_t 0xffffffff (ESP_FAIL) at 0x400d9c8c
file: "./main/capture.c" line 80
func: capture_start
expression: esp_wifi_set_channel(channel, WIFI_SECOND_CHAN_NONE)

abort() was called at PC 0x40088ad7 on core 0


Backtrace: 0x40088b7d:0x3ffcee30 0x40088b45:0x3ffcee50 0x40090af5:0x3ffcee70 0x40088ad7:0x3ffceee0 0x400d9c8c:0x3ffcef10 0x400d92d1:0x3ffcef30 0x400e9c11:0x3ffcf010 0x400ea479:0x3ffcf050 0x400ea51e:0x3ffcf0e0 0x400e9170:0x3ffcf100 0x400e847a:0x3ffcf120 0x4015bb7f:0x3ffcf140 0x400e8b7a:0x3ffcf160 0x400e8be2:0x3ffcf1b0 0x400897fd:0x3ffcf1d0




ELF file SHA256: 8eecd98d8

Rebooting...
ets Jul 29 2019 12:21:46

rst:0xc (SW_CPU_RESET),boot:0x13 (SPI_FAST_FLASH_BOOT)
configsip: 0, SPIWP:0xee
clk_drv:0x00,q_drv:0x00,d_drv:0x00,cs0_drv:0x00,hd_drv:0x00,wp_drv:0x00
mode:DIO, clock div:2
load:0x3fff0030,len:6280
load:0x40078000,len:15864
load:0x40080400,len:3920
entry 0x40080644
[0;32mI (27) boot: ESP-IDF v5.5.4 2nd stage bootloader[0m
[0;32mI (27) boot: compile time Jul  3 2026 17:31:52[0m
[0;32mI (27) boot: Multicore bootloader[0m
[0;32mI (29) boot: chip revision: v3.1[0m
[0;32mI (31) boot.esp32: SPI Speed      : 40MHz[0m
[0;32mI (35) boot.esp32: SPI Mode       : DIO[0m
[0;32mI (39) boot.esp32: SPI Flash Size : 4MB[0m
[0;32mI (42) boot: Enabling RNG early entropy source...[0m
[0;32mI (47) boot: Partition Table:[0m
[0;32mI (49) boot: ## Label            Usage          Type ST Offset   Length[0m
[0;32mI (56) boot:  0 nvs              WiFi data        01 02 00009000 00006000[0m
[0;32mI (62) boot:  1 otadata          OTA data         01 00 0000f000 00002000[0m
[0;32mI (69) boot:  2 phy_init         RF data          01 01 00011000 00001000[0m
[0;32mI (75) boot:  3 factory          factory app      00 00 00020000 00100000[0m
[0;32mI (82) boot:  4 storage          Unknown data     01 82 00120000 00100000[0m
[0;32mI (88) boot: End of partition table[0m
[0;32mI (92) boot: Defaulting to factory image[0m
[0;32mI (95) esp_image: segment 0: paddr=00020020 vaddr=3f400020 size=1ca9ch (117404) map[0m
[0;32mI (143) esp_image: segment 1: paddr=0003cac4 vaddr=3ffb0000 size=03554h ( 13652) load[0m
[0;32mI (148) esp_image: segment 2: paddr=00040020 vaddr=400d0020 size=94d38h (609592) map[0m
[0;32mI (357) esp_image: segment 3: paddr=000d4d60 vaddr=3ffb3554 size=00df4h (  3572) load[0m
[0;32mI (358) esp_image: segment 4: paddr=000d5b5c vaddr=40080000 size=181b4h ( 98740) load[0m
[0;32mI (399) esp_image: segment 5: paddr=000edd18 vaddr=50000000 size=00020h (    32) load[0m
[0;32mI (411) boot: Loaded app from partition at offset 0x20000[0m
[0;32mI (411) boot: Disabling RNG early entropy source...[0m
[0;32mI (422) cpu_start: Multicore app[0m
[0;32mI (430) cpu_start: GPIO 3 and 1 are used as console UART I/O pins[0m
[0;32mI (430) cpu_start: Pro cpu start user code[0m
[0;32mI (430) cpu_start: cpu freq: 160000000 Hz[0m
[0;32mI (432) app_init: Application information:[0m
[0;32mI (436) app_init: Project name:     wifi_analyzer[0m
[0;32mI (440) app_init: App version:      1[0m
[0;32mI (444) app_init: Compile time:     Jul  3 2026 17:31:33[0m
[0;32mI (449) app_init: ELF file SHA256:  8eecd98d8...[0m
[0;32mI (453) app_init: ESP-IDF:          v5.5.4[0m
[0;32mI (457) efuse_init: Min chip rev:     v0.0[0m
[0;32mI (461) efuse_init: Max chip rev:     v3.99 [0m
[0;32mI (465) efuse_init: Chip rev:         v3.1[0m
[0;32mI (469) heap_init: Initializing. RAM available for dynamic allocation:[0m
[0;32mI (475) heap_init: At 3FFAE6E0 len 00001920 (6 KiB): DRAM[0m
[0;32mI (480) heap_init: At 3FFBA240 len 00025DC0 (151 KiB): DRAM[0m
[0;32mI (485) heap_init: At 3FFE0440 len 00003AE0 (14 KiB): D/IRAM[0m
[0;32mI (491) heap_init: At 3FFE4350 len 0001BCB0 (111 KiB): D/IRAM[0m
[0;32mI (496) heap_init: At 400981B4 len 00007E4C (31 KiB): IRAM[0m
[0;33mW (503) spi_flash: Detected boya flash chip but using generic driver. For optimal functionality, enable `SPI_FLASH_SUPPORT_BOYA_CHIP` in menuconfig[0m
[0;32mI (514) spi_flash: detected chip: generic[0m
[0;32mI (518) spi_flash: flash io: dio[0m
[0;32mI (522) main_task: Started on CPU0[0m
[0;32mI (532) main_task: Calling app_main()[0m
[0;32mI (562) MAIN: ========================================[0m
[0;32mI (562) MAIN:  ESP32 Wireless Analyzer[0m
[0;32mI (562) MAIN: ========================================[0m
[0;32mI (562) WIFI_MANAGER: Initializing Network Stack...[0m
[0;32mI (582) wifi:wifi driver task: 3ffc2534, prio:23, stack:6656, core=0[0m
[0;32mI (592) wifi:wifi firmware version: 0947e8b[0m
[0;32mI (592) wifi:wifi certification version: v7.0[0m
[0;32mI (602) wifi:config NVS flash: enabled[0m
[0;32mI (602) wifi:config nano formatting: disabled[0m
[0;32mI (602) wifi:Init data frame dynamic rx buffer num: 32[0m
[0;32mI (602) wifi:Init static rx mgmt buffer num: 5[0m
[0;32mI (612) wifi:Init management short buffer num: 32[0m
[0;32mI (612) wifi:Init dynamic tx buffer num: 32[0m
[0;32mI (622) wifi:Init static rx buffer size: 1600[0m
[0;32mI (622) wifi:Init static rx buffer num: 10[0m
[0;32mI (622) wifi:Init dynamic rx buffer num: 32[0m
[0;32mI (632) wifi_init: rx ba win: 6[0m
[0;32mI (632) wifi_init: accept mbox: 6[0m
[0;32mI (632) wifi_init: tcpip mbox: 32[0m
[0;32mI (642) wifi_init: udp mbox: 6[0m
[0;32mI (642) wifi_init: tcp mbox: 6[0m
[0;32mI (642) wifi_init: tcp tx win: 5760[0m
[0;32mI (652) wifi_init: tcp rx win: 5760[0m
[0;32mI (652) wifi_init: tcp mss: 1440[0m
[0;32mI (652) wifi_init: WiFi IRAM OP enabled[0m
[0;32mI (662) wifi_init: WiFi RX IRAM OP enabled[0m
[0;32mI (672) phy_init: phy_version 4863,a3a4459,Oct 28 2025,14:30:06[0m
[0;32mI (752) phy_init: Saving new calibration data due to checksum failure or outdated calibration data, mode(0)[0m
[0;32mI (812) wifi:mode : sta (2c:bc:bb:05:24:64) + softAP (2c:bc:bb:05:24:65)[0m
[0;32mI (812) wifi:enable tsf[0m
[0;32mI (822) wifi:Total power save buffer number: 16[0m
[0;32mI (822) wifi:Init max length of beacon: 752/752[0m
[0;32mI (822) wifi:Init max length of beacon: 752/752[0m
[0;32mI (832) WIFI_MANAGER: [0m
[0;32mI (832) WIFI_MANAGER: =========================================[0m
[0;32mI (832) esp_netif_lwip: DHCP server started on interface WIFI_AP_DEF with IP: 192.168.4.1[0m
[0;32mI (842) WIFI_MANAGER: Access Point Started[0m
[0;32mI (842) WIFI_MANAGER:  ESP32 Wireless Analyzer[0m
[0;32mI (852) WIFI_MANAGER: =========================================[0m
[0;32mI (852) WIFI_MANAGER:  SSID        : ESP32-Research[0m
[0;32mI (862) WIFI_MANAGER:  PASSWORD    : 12345678[0m
[0;32mI (862) WIFI_MANAGER:  IP          : 192.168.4.1[0m
[0;32mI (872) WIFI_MANAGER:  GATEWAY     : 192.168.4.1[0m
[0;32mI (872) WIFI_MANAGER:  NETMASK     : 255.255.255.0[0m
[0;32mI (882) WIFI_MANAGER:  CHANNEL     : 1[0m
[0;32mI (882) WIFI_MANAGER:  MAX CLIENTS : 4[0m
[0;32mI (882) WIFI_MANAGER: =========================================[0m
[0;32mI (892) STATION: Station manager initialized[0m
[0;32mI (892) SCANNER: Scanner initialized[0m
[0;32mI (902) CAPTURE: Packet capture initialized[0m
[0;32mI (982) FILESYSTEM: SPIFFS mounted[0m
[0;32mI (982) FILESYSTEM: Total: 956561 bytes[0m
[0;32mI (982) FILESYSTEM: Used : 16817 bytes[0m
[0;32mI (992) WEBSERVER: Starting HTTP server...[0m
[0;32mI (992) WEBSERVER: HTTP server started[0m
[0;32mI (992) MAIN: System ready[0m
[0;32mI (179732) wifi:new:<1,1>, old:<1,1>, ap:<1,1>, sta:<0,0>, prof:1, snd_ch_cfg:0x0[0m
[0;32mI (179732) wifi:station: 78:2b:46:da:61:aa join, AID=1, bgn, 40U[0m
[0;32mI (179782) WIFI_MANAGER: Client connected (1) 78:2B:46:DA:61:AA[0m
[0;32mI (179792) esp_netif_lwip: DHCP server assigned IP to a client, IP is: 192.168.4.2[0m
[0;32mI (180052) wifi:<ba-add>idx:2 (ifx:1, 78:2b:46:da:61:aa), tid:0, ssn:23, winSize:64[0m
